<html>
<body>
<pre>
<h1>µVision Build Log</h1>
<h2>Tool Versions:</h2>
IDE-Version: ¦ÌVision V5.36.0.0
Copyright (C) 2021 ARM Ltd and ARM Germany GmbH. All rights reserved.
License Information: 1 2, 3, LIC=NQQMA-17UST-63QMB-28HYM-LZ2PR-P0WXZ
 
Tool Versions:
Toolchain:       MDK-ARM Plus  Version: 5.36.0.0
Toolchain Path:  C:\Keil_v5\ARM\ARMCC\Bin
C Compiler:      Armcc.exe V5.06 update 7 (build 960)
Assembler:       Armasm.exe V5.06 update 7 (build 960)
Linker/Locator:  ArmLink.exe V5.06 update 7 (build 960)
Library Manager: ArmAr.exe V5.06 update 7 (build 960)
Hex Converter:   FromElf.exe V5.06 update 7 (build 960)
CPU DLL:         SARMCM3.DLL V5.36.0.0
Dialog DLL:      DCM.DLL V1.17.3.0
Target DLL:      Segger\JL2CM3.dll V2.99.40.0
Dialog DLL:      TCM.DLL V1.53.0.0
 
<h2>Project:</h2>
d:\21179\Desktop\Jonas\FR801xH-SDK\examples\none_evm\ble_simple_peripheral\keil\ble_simple_peripheral.uvprojx
Project File Date:  07/12/2022

<h2>Output:</h2>
*** Using Compiler 'V5.06 update 7 (build 960)', folder: 'C:\Keil_v5\ARM\ARMCC\Bin'
Rebuild target 'ble_simple_peripheral'
compiling user_task.c...
compiling simple_gatt_service.c...
compiling button.c...
compiling ble_simple_peripheral.c...
compiling driver_iic.c...
compiling jp_peripheral.c...
compiling proj_main.c...
compiling driver_keyscan.c...
compiling driver_pmu_qdec.c...
compiling driver_pmu.c...
compiling driver_wdt.c...
compiling driver_rtc.c...
compiling driver_uart.c...
compiling driver_codec.c...
compiling driver_exti.c...
compiling driver_i2s.c...
compiling driver_timer.c...
compiling driver_efuse.c...
compiling driver_adc.c...
compiling driver_pdm.c...
assembling app_boot_vectors.s...
compiling driver_system.c...
compiling driver_pmu_pwm.c...
compiling driver_pwm.c...
compiling core_cm3_isr.c...
..\..\..\..\components\modules\platform\source\core_cm3_isr.c(13): warning:  #223-D: function "co_delay_100us" declared implicitly
      co_delay_100us(500);
..\..\..\..\components\modules\platform\source\core_cm3_isr.c: 1 warning, 0 errors
compiling patch.c...
compiling driver_ssp.c...
linking...
Program Size: Code=93396 RO-data=4392 RW-data=1024 ZI-data=3328  
After Build - User command #1: fromelf.exe  --text  -c -o Output/ble_simple_peripheral.txt  Objects/ble_simple_peripheral.axf
After Build - User command #2: fromelf.exe  --bin -o Output/ble_simple_peripheral.bin  Objects/ble_simple_peripheral.axf
".\Objects\ble_simple_peripheral.axf" - 0 Error(s), 1 Warning(s).

<h2>Software Packages used:</h2>

Package Vendor: ARM
                http://www.keil.com/pack/ARM.CMSIS.5.8.0.pack
                ARM.CMSIS.5.8.0
                CMSIS (Common Microcontroller Software Interface Standard)

<h2>Collection of Component include folders:</h2>
  C:\Users\21179\AppData\Local\Arm\Packs\ARM\CMSIS\5.8.0\Device\ARM\ARMCM3\Include

<h2>Collection of Component Files used:</h2>
Build Time Elapsed:  00:00:03
</pre>
</body>
</html>
